// Jest Snapshot v1, https://goo.gl/fbAQLP

exports[`.toHaveStyle handles negative test cases 1`] = `
"<dim>expect(</intensity><red>element</color><dim>).toHaveStyle()</intensity>

<green>- Expected</color>

<dim>  backgroundColor: blue;</intensity>
<dim>  transform: [</intensity>
<dim>    {</intensity>
<green>-     "scale": 1</color>
<red>+     "scale": 2</color>
<dim>    }</intensity>
<dim>  ];</intensity>"
`;

exports[`.toHaveStyle handles transform when transform undefined 1`] = `
"<dim>expect(</intensity><red>element</color><dim>).toHaveStyle()</intensity>

<green>- Expected</color>

<green>- transform: [</color>
<green>-   {</color>
<green>-     "scale": 1</color>
<green>-   }</color>
<green>- ];</color>
<red>+ transform: undefined;</color>"
`;
