// Jest Snapshot v1, https://goo.gl/fbAQLP

exports[`.toHaveStyle handles negative test cases 1`] = `
"<dim>expect(</><red>element</><dim>).toHaveStyle()</>

<green>- Expected</>

<dim>  backgroundColor: blue;</>
<dim>  transform: [</>
<dim>    {</>
<green>-     \\"scale\\": 1</>
<red>+     \\"scale\\": 2</>
<dim>    }</>
<dim>  ];</>"
`;

exports[`.toHaveStyle handles transform when transform undefined 1`] = `
"<dim>expect(</><red>element</><dim>).toHaveStyle()</>

<green>- Expected</>

<green>- transform: [</>
<green>-   {</>
<green>-     \\"scale\\": 1</>
<green>-   }</>
<green>- ];</>
<red>+ transform: undefined;</>"
`;
